<div >
    <h1 id="title">Title</h1>
<p><a href="https://example.com">My link</a></p>

</div>
